<?xml version="1.0" encoding="UTF-8"?>
<TestRun id="816ad133-718d-4dbb-8182-93ff7548daf4" name="Sprenger@SPRENGER-PC 2015-01-09 10:39:15" runUser="Sprenger-PC\Sprenger" xmlns="http://microsoft.com/schemas/VisualStudio/TeamTest/2006">
  <TestRunConfiguration name="Ejecución de pruebas local" id="36892c21-a994-4aa5-9de0-3d11072462b5">
    <Description>Configuración de ejecución de pruebas predeterminada para una ejecución de pruebas local.</Description>
    <Deployment runDeploymentRoot="C:\GHAU\GHAU\TestResults\Sprenger_SPRENGER-PC 2015-01-09 10_39_15">
      <DeploymentItem filename="C:\GHAU\GHAU\GHAU_CapaDatos\bin\Release\GHAU_CapaDatos.dll" />
      <DeploymentItem filename="C:\GHAU\GHAU\GHAU_CapaNegocio\bin\Release\GHAU_CapaNegocio.dll" />
    </Deployment>
    <TestTypeSpecific />
  </TestRunConfiguration>
  <ResultSummary outcome="Error">
    <Counters total="1" executed="1" error="1" failed="0" timeout="0" aborted="0" inconclusive="0" passedButRunAborted="0" notRunnable="0" notExecuted="0" disconnected="0" warning="0" passed="0" completed="0" inProgress="0" pending="0" />
    <RunInfos>
      <RunInfo computerName="SPRENGER-PC" outcome="Warning" timestamp="2015-01-09T10:39:16.6830550-03:00">
        <Text>El almacenamiento de 'c:\ghau\ghau\testproject1\bin\release\testproject1.dll' para la prueba 'ingreso_eventoTest' con el id. {efb122d4-2727-8cdc-7b5b-f4fa95109858} no se puede encontrar.</Text>
      </RunInfo>
    </RunInfos>
  </ResultSummary>
  <Times creation="2015-01-09T10:39:15.9740144-03:00" queuing="2015-01-09T10:39:17.0840779-03:00" start="2015-01-09T10:39:17.4010960-03:00" finish="2015-01-09T10:39:17.7171141-03:00" />
  <TestDefinitions>
    <UnitTest name="ingreso_eventoTest" storage="c:\ghau\ghau\testproject1\bin\release\testproject1.dll" id="efb122d4-2727-8cdc-7b5b-f4fa95109858">
      <Css projectStructure="" iteration="" />
      <Owners>
        <Owner name="" />
      </Owners>
      <Execution id="50c00bb4-89c1-43fa-a93e-f8238e6771f6" />
      <TestMethod codeBase="C:\GHAU\GHAU\TestProject1\bin\Release\TestProject1.dll" adapterTypeName="Microsoft.VisualStudio.TestTools.TestTypes.Unit.UnitTestAdapter, Microsoft.VisualStudio.QualityTools.Tips.UnitTest.Adapter, Version=9.0.0.0, Culture=neutral, PublicKeyToken=b03f5f7f11d50a3a" className="TestProject1.EventosTest, TestProject1" name="ingreso_eventoTest" />
    </UnitTest>
  </TestDefinitions>
  <TestLists>
    <TestList name="Resultados que no están en la lista" id="8c84fa94-04c1-424b-9868-57a2d4851a1d" />
    <TestList name="Todos los resultados cargados" id="19431567-8539-422a-85d7-44ee4e166bda" />
  </TestLists>
  <TestEntries>
    <TestEntry testId="efb122d4-2727-8cdc-7b5b-f4fa95109858" executionId="50c00bb4-89c1-43fa-a93e-f8238e6771f6" testListId="8c84fa94-04c1-424b-9868-57a2d4851a1d" />
  </TestEntries>
  <Results>
    <UnitTestResult executionId="50c00bb4-89c1-43fa-a93e-f8238e6771f6" testId="efb122d4-2727-8cdc-7b5b-f4fa95109858" testName="ingreso_eventoTest" computerName="SPRENGER-PC" duration="00:00:00" startTime="2015-01-09T10:39:17.5941071-03:00" endTime="2015-01-09T10:39:17.6611109-03:00" testType="13cdc9d9-ddb5-4fa4-a97d-d965ccfc6d4b" outcome="Error" testListId="8c84fa94-04c1-424b-9868-57a2d4851a1d">
      <Output>
        <ErrorInfo>
          <Message>No se puede cargar el ensamblado de prueba 'C:\GHAU\GHAU\TestResults\Sprenger_SPRENGER-PC 2015-01-09 10_39_15\Out\TestProject1.dll'. Detalles del error: No se pudo encontrar el archivo 'C:\GHAU\GHAU\TestResults\Sprenger_SPRENGER-PC 2015-01-09 10_39_15\Out\TestProject1.dll'.</Message>
        </ErrorInfo>
      </Output>
    </UnitTestResult>
  </Results>
</TestRun>